// Jest Snapshot v1, https://goo.gl/fbAQLP

exports[`core/image should render 1`] = `
.c0 {
  height: auto;
}

<img
  alt=""
  class="c0"
/>
`;
